// Vitest Snapshot v1, https://vitest.dev/guide/snapshot.html

exports[`withState 1`] = `"<main><ul em="list"><li em="list-item"><a em="link" href="#uno">uno</a></li><li em="list-item"><a em="link" href="#dos">dos</a></li><li em="list-item"><a em="link" href="#tres">tres</a></li><li em="list-item"><a em="link" href="#cuatro">cuatro</a></li><li em="list-item"><a em="link" href="#cinco">cinco</a></li></ul><button data-testid="down" em="button,counter">down</button><span data-testid="counter" id="counter" em="section">0</span><button data-testid="up" em="button,counter">up</button></main>"`;
